SPRINT 2 - RATIO ENGINE EDGE CASE LOG
Project: NIFTY 100 Financial Analytics
Sprint: Sprint 2 - Financial Ratio Engine
Date: 23-09-2026

============================================================
1. PROFITABILITY RATIO EDGE CASES
============================================================

1.1 Zero Sales
Affected KPIs:
- Net Profit Margin (NPM)
- Operating Profit Margin (OPM)

Handling:
If sales = 0, the ratio is returned as NULL/None to prevent
division-by-zero errors.

Status: HANDLED


1.2 Non-Positive Equity
Affected KPI:
- Return on Equity (ROE)

Equity definition:
equity_capital + reserves

Handling:
If total equity <= 0, ROE is returned as NULL/None.

Status: HANDLED


1.3 Zero Capital Employed
Affected KPI:
- Return on Capital Employed (ROCE)

Handling:
If capital employed = 0, ROCE is returned as NULL/None.

Status: HANDLED


1.4 Zero Total Assets
Affected KPI:
- Return on Assets (ROA)

Handling:
If total_assets = 0, ROA is returned as NULL/None.

Status: HANDLED


1.5 OPM Source Cross-Check
Calculated OPM was compared against the source OPM percentage.

Actual result:
PASS     = 854 rows
MISMATCH = 216 rows

A difference greater than the configured tolerance is flagged
as MISMATCH rather than silently overwritten.

Status: HANDLED


============================================================
2. LEVERAGE AND EFFICIENCY EDGE CASES
============================================================

2.1 Debt-Free Companies
If borrowings = 0, Debt-to-Equity can legitimately equal 0.

Status: HANDLED


2.2 Invalid/Non-Positive Equity
Debt-to-Equity is not calculated where the equity denominator
is invalid.

Status: HANDLED


2.3 Financial-Sector Leverage
Financial-sector companies naturally operate with different
leverage structures.

Actual financial-sector rows:
258

Handling:
These rows are marked SECTOR_RELATIVE instead of applying the
normal high-leverage interpretation.

Status: HANDLED


2.4 High Leverage
Actual HIGH_LEVERAGE rows:
87

Handling:
Non-financial companies crossing the configured leverage
threshold are explicitly flagged HIGH_LEVERAGE.

Status: HANDLED


2.5 Zero Interest Expense
Interest Coverage Ratio cannot be calculated using normal
division when interest expense is zero.

Handling:
Debt-free cases are classified separately rather than
generating infinity.

Status: HANDLED


2.6 Interest Coverage Warning
Actual ICR_WARNING rows:
135

Handling:
Low interest-coverage observations are explicitly flagged.

Status: HANDLED


2.7 Net Debt Source Limitation
Required formula:
Net Debt = Borrowings - Cash/Cash Equivalents

Problem:
The supplied source dataset does not provide a dedicated cash
or cash-equivalent field.

Handling:
Net Debt was NOT fabricated using an unrelated field.

Result:
net_debt = NULL
net_debt_status = SOURCE_CASH_FIELD_UNAVAILABLE

Status: SOURCE LIMITATION DOCUMENTED


============================================================
3. CAGR EDGE CASES
============================================================

CAGR windows implemented:
- 3 Year
- 5 Year
- 10 Year

Metrics:
- Revenue
- PAT
- EPS

Historical endpoints are matched using actual fiscal-year
values rather than simple row positions.

Supported edge cases:

Positive -> Positive:
CAGR calculated normally.
Flag: NORMAL

Positive -> Negative:
CAGR not mathematically represented as normal growth.
Flag: DECLINE_TO_LOSS

Negative -> Positive:
Flag: TURNAROUND

Negative -> Negative:
Flag: BOTH_NEGATIVE

Zero starting value:
Flag: ZERO_BASE

Required historical endpoint unavailable:
Flag: INSUFFICIENT

Status: HANDLED


5-Year CAGR availability:

Revenue CAGR 5Y = 612 rows
PAT CAGR 5Y     = 549 rows
EPS CAGR 5Y     = 545 rows


============================================================
4. CASH FLOW KPI EDGE CASES
============================================================

4.1 Zero Sales
CFO Margin is returned as NULL when sales = 0.

Status: HANDLED


4.2 Zero PAT
CFO/PAT cannot use a zero denominator.

Flag:
ZERO_PAT

Actual ZERO_PAT rows:
1

Status: HANDLED


4.3 Negative PAT
CFO/PAT is retained mathematically but classified separately.

Flag:
NEGATIVE_PAT

Actual NEGATIVE_PAT rows:
60

Status: HANDLED


4.4 Capex Source Limitation
Required KPIs:
- Free Cash Flow (FCF)
- FCF Margin
- Capex / Sales

Problem:
The supplied cash-flow source contains:
- operating_activity
- investing_activity
- financing_activity
- net_cash_flow

It does NOT contain a dedicated Capex field.

Important decision:
investing_activity was NOT treated as Capex because aggregate
investing cash flow can contain transactions other than capital
expenditure.

Result:
fcf             = NULL
fcf_margin_pct  = NULL
capex_sales_pct = NULL

Status field:
CAPEX_SOURCE_UNAVAILABLE

Status: SOURCE LIMITATION DOCUMENTED


============================================================
5. DATABASE AND DATA-INTEGRITY EDGE CASES
============================================================

5.1 Duplicate Company-Year Records
Final financial_ratios duplicate company-year pairs:
0

Status: PASS


5.2 Foreign-Key Integrity
financial_ratios.company_id references companies.id.

Final foreign-key errors:
0

Status: PASS


5.3 Final Ratio Table
financial_ratios rows:
1070

financial_ratios columns:
28

Status: POPULATED


5.4 Infinite Values
The final Day 13 validation checks calculated numeric KPI
columns for positive or negative infinity.

Result:
No infinite KPI values detected.

Status: PASS


============================================================
6. AUTOMATED VALIDATION
============================================================

KPI unit/regression tests:
51 PASSED

Day 13 validation:
Checks passed: 13
Checks failed: 0
Overall: PASS

Validation artifact:
output/day13_kpi_validation.csv


============================================================
7. FINAL EDGE-CASE STATUS
============================================================

Calculation edge cases:
HANDLED

CAGR special cases:
HANDLED

Financial-sector treatment:
HANDLED

Division-by-zero protection:
HANDLED

Database uniqueness:
PASS

Foreign-key integrity:
PASS

Net Debt:
SOURCE DATA LIMITATION DOCUMENTED

FCF / FCF Margin / Capex-Sales:
SOURCE DATA LIMITATION DOCUMENTED

No unsupported financial values were fabricated.

END OF SPRINT 2 EDGE CASE LOG